[NbConvertApp] Converting notebook solar_wind_boosting_pipeline.ipynb to notebook
F:\Anaconda\envs\ch_sws_prediction\Lib\site-packages\zmq\_future.py:718: RuntimeWarning: Proactor event loop does not implement add_reader family of methods required for zmq. Registering an additional selector thread for add_reader support via tornado. Use `asyncio.set_event_loop_policy(WindowsSelectorEventLoopPolicy())` to avoid this warning.
  self._get_loop()
[IPKernelApp] WARNING | Kernel is running over TCP without encryption. All communication (including code and outputs) is sent in plain text and is susceptible to eavesdropping. Use IPC transport or launch with kernel manager-provisioned CurveZMQ keys to enable transport encryption.
Traceback (most recent call last):
  File "<frozen runpy>", line 198, in _run_module_as_main
  File "<frozen runpy>", line 88, in _run_code
  File "F:\Anaconda\envs\ch_sws_prediction\Scripts\jupyter-nbconvert.EXE\__main__.py", line 5, in <module>
  File "F:\Anaconda\envs\ch_sws_prediction\Lib\site-packages\jupyter_core\application.py", line 284, in launch_instance
    super().launch_instance(argv=argv, **kwargs)
  File "F:\Anaconda\envs\ch_sws_prediction\Lib\site-packages\traitlets\config\application.py", line 1082, in launch_instance
    app.start()
  File "F:\Anaconda\envs\ch_sws_prediction\Lib\site-packages\nbconvert\nbconvertapp.py", line 420, in start
    self.convert_notebooks()
  File "F:\Anaconda\envs\ch_sws_prediction\Lib\site-packages\nbconvert\nbconvertapp.py", line 597, in convert_notebooks
    self.convert_single_notebook(notebook_filename)
  File "F:\Anaconda\envs\ch_sws_prediction\Lib\site-packages\nbconvert\nbconvertapp.py", line 563, in convert_single_notebook
    output, resources = self.export_single_notebook(
                        ^^^^^^^^^^^^^^^^^^^^^^^^^^^^
  File "F:\Anaconda\envs\ch_sws_prediction\Lib\site-packages\nbconvert\nbconvertapp.py", line 487, in export_single_notebook
    output, resources = self.exporter.from_filename(
                        ^^^^^^^^^^^^^^^^^^^^^^^^^^^^
  File "F:\Anaconda\envs\ch_sws_prediction\Lib\site-packages\nbconvert\exporters\exporter.py", line 201, in from_filename
    return self.from_file(f, resources=resources, **kw)
           ^^^^^^^^^^^^^^^^^^^^^^^^^^^^^^^^^^^^^^^^^^^^
  File "F:\Anaconda\envs\ch_sws_prediction\Lib\site-packages\nbconvert\exporters\exporter.py", line 220, in from_file
    return self.from_notebook_node(
           ^^^^^^^^^^^^^^^^^^^^^^^^
  File "F:\Anaconda\envs\ch_sws_prediction\Lib\site-packages\nbconvert\exporters\notebook.py", line 36, in from_notebook_node
    nb_copy, resources = super().from_notebook_node(nb, resources, **kw)
                         ^^^^^^^^^^^^^^^^^^^^^^^^^^^^^^^^^^^^^^^^^^^^^^^
  File "F:\Anaconda\envs\ch_sws_prediction\Lib\site-packages\nbconvert\exporters\exporter.py", line 154, in from_notebook_node
    nb_copy, resources = self._preprocess(nb_copy, resources)
                         ^^^^^^^^^^^^^^^^^^^^^^^^^^^^^^^^^^^^
  File "F:\Anaconda\envs\ch_sws_prediction\Lib\site-packages\nbconvert\exporters\exporter.py", line 353, in _preprocess
    nbc, resc = preprocessor(nbc, resc)
                ^^^^^^^^^^^^^^^^^^^^^^^
  File "F:\Anaconda\envs\ch_sws_prediction\Lib\site-packages\nbconvert\preprocessors\base.py", line 48, in __call__
    return self.preprocess(nb, resources)
           ^^^^^^^^^^^^^^^^^^^^^^^^^^^^^^
  File "F:\Anaconda\envs\ch_sws_prediction\Lib\site-packages\nbconvert\preprocessors\execute.py", line 103, in preprocess
    self.preprocess_cell(cell, resources, index)
  File "F:\Anaconda\envs\ch_sws_prediction\Lib\site-packages\nbconvert\preprocessors\execute.py", line 124, in preprocess_cell
    cell = self.execute_cell(cell, index, store_history=True)
           ^^^^^^^^^^^^^^^^^^^^^^^^^^^^^^^^^^^^^^^^^^^^^^^^^^
  File "F:\Anaconda\envs\ch_sws_prediction\Lib\site-packages\jupyter_core\utils\__init__.py", line 165, in wrapped
    return loop.run_until_complete(inner)
           ^^^^^^^^^^^^^^^^^^^^^^^^^^^^^^
  File "F:\Anaconda\envs\ch_sws_prediction\Lib\asyncio\base_events.py", line 691, in run_until_complete
    return future.result()
           ^^^^^^^^^^^^^^^
  File "F:\Anaconda\envs\ch_sws_prediction\Lib\site-packages\nbclient\client.py", line 1062, in async_execute_cell
    await self._check_raise_for_error(cell, cell_index, exec_reply)
  File "F:\Anaconda\envs\ch_sws_prediction\Lib\site-packages\nbclient\client.py", line 918, in _check_raise_for_error
    raise CellExecutionError.from_cell_and_msg(cell, exec_reply_content)
nbclient.exceptions.CellExecutionError: An error occurred while executing the following cell:
------------------
fig, axes = plt.subplots(1, 2, figsize=(11, 4))
for ax, metric in zip(axes, ['rmse', 'mae']):
    pivot = cross_df.pivot_table(index=['train_regime', 'test_regime'], columns='variant', values=metric)
    pivot.index = [f"train={t}/test={s}" for t, s in pivot.index]
    pivot.plot(kind='bar', ax=ax)
    ax.set_title(f'Cross-regime holdout: {metric.upper()}')
    ax.set_ylabel(metric.upper())
    ax.tick_params(axis='x', rotation=20)
plt.tight_layout()
plt.show()
------------------


[31m---------------------------------------------------------------------------[39m
[31mKeyError[39m                                  Traceback (most recent call last)
[36mCell[39m[36m [39m[32mIn[10][39m[32m, line 3[39m
[32m      1[39m fig, axes = plt.subplots([32m1[39m, [32m2[39m, figsize=([32m11[39m, [32m4[39m))
[32m      2[39m [38;5;28;01mfor[39;00m ax, metric [38;5;28;01min[39;00m zip(axes, [[33m'rmse'[39m, [33m'mae'[39m]):
[32m----> [39m[32m3[39m     pivot = cross_df.pivot_table(index=[[33m'train_regime'[39m, [33m'test_regime'[39m], columns=[33m'variant'[39m, values=metric)
[32m      4[39m     pivot.index = [f"train={t}/test={s}" [38;5;28;01mfor[39;00m t, s [38;5;28;01min[39;00m pivot.index]
[32m      5[39m     pivot.plot(kind=[33m'bar'[39m, ax=ax)
[32m      6[39m     ax.set_title(f'Cross-regime holdout: {metric.upper()}')

[36mFile [39m[32mF:\Anaconda\envs\ch_sws_prediction\Lib\site-packages\pandas\core\frame.py:11143[39m, in [36mDataFrame.pivot_table[39m[34m(self, values, index, columns, aggfunc, fill_value, margins, dropna, margins_name, observed, sort, **kwargs)[39m
[32m  11139[39m         **kwargs,
[32m  11140[39m     ) -> DataFrame:
[32m  11141[39m         [38;5;28;01mfrom[39;00m pandas.core.reshape.pivot [38;5;28;01mimport[39;00m pivot_table
[32m  11142[39m 
[32m> [39m[32m11143[39m         return pivot_table(
[32m  11144[39m             self,
[32m  11145[39m             values=values,
[32m  11146[39m             index=index,

[36mFile [39m[32mF:\Anaconda\envs\ch_sws_prediction\Lib\site-packages\pandas\core\reshape\pivot.py:267[39m, in [36mpivot_table[39m[34m(data, values, index, columns, aggfunc, fill_value, margins, dropna, margins_name, observed, sort, **kwargs)[39m
[32m    264[39m     table = concat(pieces, keys=keys, axis=[32m1[39m)
[32m    265[39m     [38;5;28;01mreturn[39;00m table.__finalize__(data, method=[33m"[39m[33mpivot_table[39m[33m"[39m)
[32m--> [39m[32m267[39m table = [30;43m__internal_pivot_table[39;49m[30;43m([39;49m
[32m    268[39m [30;43m    [39;49m[30;43mdata[39;49m[30;43m,[39;49m
[32m    269[39m [30;43m    [39;49m[30;43mvalues[39;49m[30;43m,[39;49m
[32m    270[39m [30;43m    [39;49m[30;43mindex[39;49m[30;43m,[39;49m
[32m    271[39m [30;43m    [39;49m[30;43mcolumns[39;49m[30;43m,[39;49m
[32m    272[39m [30;43m    [39;49m[30;43maggfunc[39;49m[30;43m,[39;49m
[32m    273[39m [30;43m    [39;49m[30;43mfill_value[39;49m[30;43m,[39;49m
[32m    274[39m [30;43m    [39;49m[30;43mmargins[39;49m[30;43m,[39;49m
[32m    275[39m [30;43m    [39;49m[30;43mdropna[39;49m[30;43m,[39;49m
[32m    276[39m [30;43m    [39;49m[30;43mmargins_name[39;49m[30;43m,[39;49m
[32m    277[39m [30;43m    [39;49m[30;43mobserved[39;49m[30;43m,[39;49m
[32m    278[39m [30;43m    [39;49m[30;43msort[39;49m[30;43m,[39;49m
[32m    279[39m [30;43m    [39;49m[30;43mkwargs[39;49m[30;43m,[39;49m
[32m    280[39m [30;43m[39;49m[30;43m)[39;49m
[32m    281[39m [38;5;28;01mreturn[39;00m table.__finalize__(data, method=[33m"[39m[33mpivot_table[39m[33m"[39m)

[36mFile [39m[32mF:\Anaconda\envs\ch_sws_prediction\Lib\site-packages\pandas\core\reshape\pivot.py:315[39m, in [36m__internal_pivot_table[39m[34m(data, values, index, columns, aggfunc, fill_value, margins, dropna, margins_name, observed, sort, kwargs)[39m
[32m    313[39m [38;5;28;01mfor[39;00m i [38;5;129;01min[39;00m values:
[32m    314[39m     [38;5;28;01mif[39;00m i [38;5;129;01mnot[39;00m [38;5;129;01min[39;00m data:
[32m--> [39m[32m315[39m         [38;5;28;01mraise[39;00m [38;5;167;01mKeyError[39;00m(i)
[32m    317[39m to_filter = []
[32m    318[39m [38;5;28;01mfor[39;00m x [38;5;129;01min[39;00m keys + values:

[31mKeyError[39m: 'rmse'

