[NbConvertApp] Converting notebook solar_wind_boosting_pipeline.ipynb to notebook
F:\Anaconda\envs\ch_sws_prediction\Lib\site-packages\zmq\_future.py:718: RuntimeWarning: Proactor event loop does not implement add_reader family of methods required for zmq. Registering an additional selector thread for add_reader support via tornado. Use `asyncio.set_event_loop_policy(WindowsSelectorEventLoopPolicy())` to avoid this warning.
  self._get_loop()
[IPKernelApp] WARNING | Kernel is running over TCP without encryption. All communication (including code and outputs) is sent in plain text and is susceptible to eavesdropping. Use IPC transport or launch with kernel manager-provisioned CurveZMQ keys to enable transport encryption.
Bad pipe message: %s [b'p7fSwidG9rZW4iOiJleUpoYkdjaU9pSklVekkxTmlJc0luUjVjQ0k2SWtwWFZDSjkuZXlKcG']
Bad pipe message: %s [b'WnliMjFSVVNJNk1Td2lhV0YwSWpveE56Z3hOalk1TVRZeWZRLnlqaC1rMTlUZi1oaUtvbDJKWXFo', b'dUUU1vWVFtSlFSR3VOREt6bEZPUGsiLCJpYXQiOjE3ODE2NjkxNjJ9._U-k5WnlS7qE7BrEf1qTQFRsfGyG9kbKCKAbJLngBs4']
Bad pipe message: %s [b'TTP/1.1\r\nContent-Type: applicat']
Bad pipe message: %s [b'p7fSwidG9rZW4iOiJleUpoYkdjaU9pSklVekkxTmlJc0luUjVjQ0k2SWtwWFZDSjkuZXlKcG']
Bad pipe message: %s [b'WnliMjFSVVNJNk1Td2lhV0YwSWpveE56Z3hOalk1TVRreWZRLm1GWVU2TEhtSzFGdXZCYk9xbnZi', b'h5R1pkeW9VQi1MclFuOHVtWTBjY2siLCJpYXQiOjE3ODE2NjkxOTJ9.4GtP_faGtHI_itfNp8v9P']
Bad pipe message: %s [b'lkvPp5TuueTn18HoS_-k HTTP/1.1\r\nContent-Type: application', b'son\r\nHost: 127.0.0.1:9211\r\nConnection: keep-al']
Bad pipe message: %s [b'p7fSwidG9rZW4iOiJleUpoYkdjaU9pSklVekkxTmlJc0luUjVjQ0k2SWtwWFZDSjkuZXlKcG']
Bad pipe message: %s [b'WnliMjFSVVNJNk1Td2lhV0YwSWpveE56Z3hOalk1TWpJeWZRLlRwbmRraUNiN1c1eVNtNTZOVjB5', b'JDUFZwZGFKUFNsOFZmUXJzT3l5SkkiLCJpYXQiOjE3ODE2NjkyMjJ9.nsqOhcw_FM20IZ6r2v07qQ']
Bad pipe message: %s [b'p7fSwidG9rZW4iOiJleUpoYkdjaU9pSklVekkxTmlJc0luUjVjQ0k2SWtwWFZDSjkuZXlKcG']
Bad pipe message: %s [b'WnliMjFSVVNJNk1Td2lhV0YwSWpveE56Z3hOalk1TWpVeWZRLmt6TXEzbWRlc3NXNVVJQ0NjUk5S', b'JmVVd3cjVWb0dvbEVlVFREYlFvVDgiLCJpYXQiOjE3ODE2NjkyNTJ9.hdIDZAdOJjy9cPJXf99Vlxnak_a']
Bad pipe message: %s [b'p7fSwidG9rZW4iOiJleUpoYkdjaU9pSklVekkxTmlJc0luUjVjQ0k2SWtwWFZDSjkuZXlKcG']
Bad pipe message: %s [b'WnliMjFSVVNJNk1Td2lhV0YwSWpveE56Z3hOalk1TWpjM2ZRLnRFbnpvVW5FdV9UZXo5ZGdvZE1f', b'BidjI2c3ljMjBpa2pGSXBJT210OFUiLCJpYXQiOjE3ODE2NjkyNzd9.YbOpIqbQdH6yUZq1E7Vp6lR1yPLQHWvX_a89wkXGz']
Bad pipe message: %s [b'p7fSwidG9rZW4iOiJleUpoYkdjaU9pSklVekkxTmlJc0luUjVjQ0k2SWtwWFZDSjkuZXlKcG']
Bad pipe message: %s [b'WnliMjFSVVNJNk1Td2lhV0YwSWpveE56Z3hOalk1TWpneWZRLi0zUFdia3BMWVROaklFQzZwQVQ5', b'dfX0JEZ0s0cW5EOHRnSkNXQmVrNzQiLCJpYXQiOjE3ODE2NjkyODJ9.op7Oa0t6GBBLXnC2rFe2n0AjAvIKiaV4H8SQLLroCyg H']
Bad pipe message: %s [b'P/1.1\r\nContent-Type: application/json\r\nHost: 127.0.0.1:9211\r\nConnection: keep-alive']
Traceback (most recent call last):
  File "<frozen runpy>", line 198, in _run_module_as_main
  File "<frozen runpy>", line 88, in _run_code
  File "F:\Anaconda\envs\ch_sws_prediction\Scripts\jupyter-nbconvert.EXE\__main__.py", line 5, in <module>
  File "F:\Anaconda\envs\ch_sws_prediction\Lib\site-packages\jupyter_core\application.py", line 284, in launch_instance
    super().launch_instance(argv=argv, **kwargs)
  File "F:\Anaconda\envs\ch_sws_prediction\Lib\site-packages\traitlets\config\application.py", line 1082, in launch_instance
    app.start()
  File "F:\Anaconda\envs\ch_sws_prediction\Lib\site-packages\nbconvert\nbconvertapp.py", line 420, in start
    self.convert_notebooks()
  File "F:\Anaconda\envs\ch_sws_prediction\Lib\site-packages\nbconvert\nbconvertapp.py", line 597, in convert_notebooks
    self.convert_single_notebook(notebook_filename)
  File "F:\Anaconda\envs\ch_sws_prediction\Lib\site-packages\nbconvert\nbconvertapp.py", line 563, in convert_single_notebook
    output, resources = self.export_single_notebook(
                        ^^^^^^^^^^^^^^^^^^^^^^^^^^^^
  File "F:\Anaconda\envs\ch_sws_prediction\Lib\site-packages\nbconvert\nbconvertapp.py", line 487, in export_single_notebook
    output, resources = self.exporter.from_filename(
                        ^^^^^^^^^^^^^^^^^^^^^^^^^^^^
  File "F:\Anaconda\envs\ch_sws_prediction\Lib\site-packages\nbconvert\exporters\exporter.py", line 201, in from_filename
    return self.from_file(f, resources=resources, **kw)
           ^^^^^^^^^^^^^^^^^^^^^^^^^^^^^^^^^^^^^^^^^^^^
  File "F:\Anaconda\envs\ch_sws_prediction\Lib\site-packages\nbconvert\exporters\exporter.py", line 220, in from_file
    return self.from_notebook_node(
           ^^^^^^^^^^^^^^^^^^^^^^^^
  File "F:\Anaconda\envs\ch_sws_prediction\Lib\site-packages\nbconvert\exporters\notebook.py", line 36, in from_notebook_node
    nb_copy, resources = super().from_notebook_node(nb, resources, **kw)
                         ^^^^^^^^^^^^^^^^^^^^^^^^^^^^^^^^^^^^^^^^^^^^^^^
  File "F:\Anaconda\envs\ch_sws_prediction\Lib\site-packages\nbconvert\exporters\exporter.py", line 154, in from_notebook_node
    nb_copy, resources = self._preprocess(nb_copy, resources)
                         ^^^^^^^^^^^^^^^^^^^^^^^^^^^^^^^^^^^^
  File "F:\Anaconda\envs\ch_sws_prediction\Lib\site-packages\nbconvert\exporters\exporter.py", line 353, in _preprocess
    nbc, resc = preprocessor(nbc, resc)
                ^^^^^^^^^^^^^^^^^^^^^^^
  File "F:\Anaconda\envs\ch_sws_prediction\Lib\site-packages\nbconvert\preprocessors\base.py", line 48, in __call__
    return self.preprocess(nb, resources)
           ^^^^^^^^^^^^^^^^^^^^^^^^^^^^^^
  File "F:\Anaconda\envs\ch_sws_prediction\Lib\site-packages\nbconvert\preprocessors\execute.py", line 103, in preprocess
    self.preprocess_cell(cell, resources, index)
  File "F:\Anaconda\envs\ch_sws_prediction\Lib\site-packages\nbconvert\preprocessors\execute.py", line 124, in preprocess_cell
    cell = self.execute_cell(cell, index, store_history=True)
           ^^^^^^^^^^^^^^^^^^^^^^^^^^^^^^^^^^^^^^^^^^^^^^^^^^
  File "F:\Anaconda\envs\ch_sws_prediction\Lib\site-packages\jupyter_core\utils\__init__.py", line 165, in wrapped
    return loop.run_until_complete(inner)
           ^^^^^^^^^^^^^^^^^^^^^^^^^^^^^^
  File "F:\Anaconda\envs\ch_sws_prediction\Lib\asyncio\base_events.py", line 691, in run_until_complete
    return future.result()
           ^^^^^^^^^^^^^^^
  File "F:\Anaconda\envs\ch_sws_prediction\Lib\site-packages\nbclient\client.py", line 1062, in async_execute_cell
    await self._check_raise_for_error(cell, cell_index, exec_reply)
  File "F:\Anaconda\envs\ch_sws_prediction\Lib\site-packages\nbclient\client.py", line 918, in _check_raise_for_error
    raise CellExecutionError.from_cell_and_msg(cell, exec_reply_content)
nbclient.exceptions.CellExecutionError: An error occurred while executing the following cell:
------------------
def cross_regime_eval(X, y_target, regime_labels, train_regime, test_regime, timestamps,
                       params=None, early_stopping_rounds=None, embargo_days=EMBARGO_DAYS):
    """Train on one regime, test on another. Regimes are disjoint calendar years, but for
    adjacent years (e.g. train=2013/test=2014) the lag-and-merge tolerance window can let
    feature data spill across the Dec31->Jan1 boundary. Embargo: drop any train row within
    `embargo_days` of the test regime's date range -- a no-op for non-adjacent regime pairs."""
    params = params or XGB_PARAMS
    train_mask = regime_labels == train_regime
    test_mask = regime_labels == test_regime
    train_idx_all = np.where(train_mask)[0]
    test_idx = np.where(test_mask)[0]

    if embargo_days:
        test_start = timestamps.iloc[test_idx].min()
        test_end = timestamps.iloc[test_idx].max()
        embargo = pd.Timedelta(days=embargo_days)
        train_ts = timestamps.iloc[train_idx_all]
        keep = (train_ts < test_start - embargo) | (train_ts > test_end + embargo)
        train_idx = train_idx_all[keep.values]
    else:
        train_idx = train_idx_all

    X_train, y_train = X.iloc[train_idx], y_target.iloc[train_idx]
    X_test, y_test = X.iloc[test_idx], y_target.iloc[test_idx]
    model = fit_model(X_train, y_train, params, early_stopping_rounds)
    pred = model.predict(X_test)
    full_pred = pd.Series(np.nan, index=np.arange(len(y_target)))
    full_pred.iloc[test_idx] = pred
    return {
        'rmse': np.sqrt(mean_squared_error(y_test, pred)),
        'mae': mean_absolute_error(y_test, pred),
        'r2': r2_score(y_test, pred),
        'train_r2': r2_score(y_train, model.predict(X_train)),
        'best_iteration': getattr(model, 'best_iteration', None),
        'n_train': int(len(train_idx)), 'n_test': int(len(test_idx)),
        'n_embargoed': int(len(train_idx_all) - len(train_idx)),
    }, full_pred


regimes = sorted(pd.unique(regime_stageB))
print(f"Regimes found: {regimes} (each a contiguous HMI coverage window, gap-detected at >30 days)")
print(f"Using regularized model (depth 3, subsampling, L1/L2, early stopping, "
      f"{EMBARGO_DAYS}-day train/test embargo) for cross-regime holdout.")

cross_results = []
cross_preds = {}
for train_r in regimes:
    for test_r in regimes:
        if train_r == test_r:
            continue
        res_control, pred_control = cross_regime_eval(X_stageB_control, y_stageB, regime_stageB, train_r, test_r,
                                                        timestamps=stageB_timestamps,
                                                        params=XGB_PARAMS_REGULARIZED, early_stopping_rounds=30)
        res_treat, pred_treat = cross_regime_eval(X_stageB_treatment, y_stageB, regime_stageB, train_r, test_r,
                                                    timestamps=stageB_timestamps,
                                                    params=XGB_PARAMS_REGULARIZED, early_stopping_rounds=30)
        cross_results.append({'train_regime': train_r, 'test_regime': test_r, 'variant': 'control', **res_control})
        cross_results.append({'train_regime': train_r, 'test_regime': test_r, 'variant': 'treatment', **res_treat})
        cross_preds[(train_r, test_r, 'control')] = pred_control
        cross_preds[(train_r, test_r, 'treatment')] = pred_treat

cross_df = pd.DataFrame(cross_results)
print("\nCross-regime holdout (train on one solar-cycle phase, test on the other):")
print("train_r2 column shows whether the train/test gap has closed vs the ~0.98-0.996 seen unregularized.")
print(f"Total train rows dropped to embargo across all pairs: {cross_df['n_embargoed'].sum()}")
cross_df
------------------

----- stdout -----
Regimes found: [np.int32(2010), np.int32(2011), np.int32(2012), np.int32(2013), np.int32(2014), np.int32(2015), np.int32(2016), np.int32(2017), np.int32(2018), np.int32(2019), np.int32(2020), np.int32(2021)] (each a contiguous HMI coverage window, gap-detected at >30 days)
Using regularized model (depth 3, subsampling, L1/L2, early stopping, 60-day train/test embargo) for cross-regime holdout.
------------------

[31m---------------------------------------------------------------------------[39m
[31mValueError[39m                                Traceback (most recent call last)
[36mCell[39m[36m [39m[32mIn[9][39m[32m, line 51[39m
[32m     47[39m [38;5;28;01mfor[39;00m train_r [38;5;28;01min[39;00m regimes:
[32m     48[39m     [38;5;28;01mfor[39;00m test_r [38;5;28;01min[39;00m regimes:
[32m     49[39m         [38;5;28;01mif[39;00m train_r == test_r:
[32m     50[39m             [38;5;28;01mcontinue[39;00m
[32m---> [39m[32m51[39m         res_control, pred_control = cross_regime_eval(X_stageB_control, y_stageB, regime_stageB, train_r, test_r,
[32m     52[39m                                                         timestamps=stageB_timestamps,
[32m     53[39m                                                         params=XGB_PARAMS_REGULARIZED, early_stopping_rounds=[32m30[39m)
[32m     54[39m         res_treat, pred_treat = cross_regime_eval(X_stageB_treatment, y_stageB, regime_stageB, train_r, test_r,

[36mCell[39m[36m [39m[32mIn[9][39m[32m, line 33[39m, in [36mcross_regime_eval[39m[34m(X, y_target, regime_labels, train_regime, test_regime, timestamps, params, early_stopping_rounds, embargo_days)[39m
[32m     29[39m     return {
[32m     30[39m         [33m'rmse'[39m: np.sqrt(mean_squared_error(y_test, pred)),
[32m     31[39m         [33m'mae'[39m: mean_absolute_error(y_test, pred),
[32m     32[39m         [33m'r2'[39m: r2_score(y_test, pred),
[32m---> [39m[32m33[39m         [33m'train_r2'[39m: r2_score(y_train, model.predict(X_train)),
[32m     34[39m         [33m'best_iteration'[39m: getattr(model, [33m'best_iteration'[39m, [38;5;28;01mNone[39;00m),
[32m     35[39m         [33m'n_train'[39m: int(len(train_idx)), [33m'n_test'[39m: int(len(test_idx)),
[32m     36[39m         [33m'n_embargoed'[39m: int(len(train_idx_all) - len(train_idx)),

[36mFile [39m[32mF:\Anaconda\envs\ch_sws_prediction\Lib\site-packages\sklearn\utils\_param_validation.py:218[39m, in [36mvalidate_params.<locals>.decorator.<locals>.wrapper[39m[34m(*args, **kwargs)[39m
[32m    212[39m [38;5;28;01mtry[39;00m:
[32m    213[39m     [38;5;28;01mwith[39;00m config_context(
[32m    214[39m         skip_parameter_validation=(
[32m    215[39m             prefer_skip_nested_validation [38;5;129;01mor[39;00m global_skip_validation
[32m    216[39m         )
[32m    217[39m     ):
[32m--> [39m[32m218[39m         [38;5;28;01mreturn[39;00m [30;43mfunc[39;49m[30;43m([39;49m[30;43m*[39;49m[30;43margs[39;49m[30;43m,[39;49m[30;43m [39;49m[30;43m*[39;49m[30;43m*[39;49m[30;43mkwargs[39;49m[30;43m)[39;49m
[32m    219[39m [38;5;28;01mexcept[39;00m InvalidParameterError [38;5;28;01mas[39;00m e:
[32m    220[39m     [38;5;66;03m# When the function is just a wrapper around an estimator, we allow[39;00m
[32m    221[39m     [38;5;66;03m# the function to delegate validation to the estimator, but we replace[39;00m
[32m    222[39m     [38;5;66;03m# the name of the estimator by the name of the function in the error[39;00m
[32m    223[39m     [38;5;66;03m# message to avoid confusion.[39;00m
[32m    224[39m     msg = re.sub(
[32m    225[39m         [33mr[39m[33m"[39m[33mparameter of [39m[33m\[39m[33mw+ must be[39m[33m"[39m,
[32m    226[39m         [33mf[39m[33m"[39m[33mparameter of [39m[38;5;132;01m{[39;00mfunc.[34m__qualname__[39m[38;5;132;01m}[39;00m[33m must be[39m[33m"[39m,
[32m    227[39m         [38;5;28mstr[39m(e),
[32m    228[39m     )

[36mFile [39m[32mF:\Anaconda\envs\ch_sws_prediction\Lib\site-packages\sklearn\metrics\_regression.py:1281[39m, in [36mr2_score[39m[34m(y_true, y_pred, sample_weight, multioutput, force_finite)[39m
[32m   1157[39m [38;5;250m[39m[33;03m""":math:`R^2` (coefficient of determination) regression score function.[39;00m
[32m   1158[39m 
[32m   1159[39m [33;03mBest possible score is 1.0 and it can be negative (because the[39;00m
[32m   (...)[39m[32m   1274[39m [33;03m-inf[39;00m
[32m   1275[39m [33;03m"""[39;00m
[32m   1276[39m xp, _, device_ = get_namespace_and_device(
[32m   1277[39m     y_true, y_pred, sample_weight, multioutput
[32m   1278[39m )
[32m   1280[39m _, y_true, y_pred, sample_weight, multioutput = (
[32m-> [39m[32m1281[39m     [30;43m_check_reg_targets_with_floating_dtype[39;49m[30;43m([39;49m
[32m   1282[39m [30;43m        [39;49m[30;43my_true[39;49m[30;43m,[39;49m[30;43m [39;49m[30;43my_pred[39;49m[30;43m,[39;49m[30;43m [39;49m[30;43msample_weight[39;49m[30;43m,[39;49m[30;43m [39;49m[30;43mmultioutput[39;49m[30;43m,[39;49m[30;43m [39;49m[30;43mxp[39;49m[30;43m=[39;49m[30;43mxp[39;49m
[32m   1283[39m [30;43m    [39;49m[30;43m)[39;49m
[32m   1284[39m )
[32m   1286[39m [38;5;28;01mif[39;00m _num_samples(y_pred) < [32m2[39m:
[32m   1287[39m     msg = [33m"[39m[33mR^2 score is not well-defined with less than two samples.[39m[33m"[39m

[36mFile [39m[32mF:\Anaconda\envs\ch_sws_prediction\Lib\site-packages\sklearn\metrics\_regression.py:208[39m, in [36m_check_reg_targets_with_floating_dtype[39m[34m(y_true, y_pred, sample_weight, multioutput, xp)[39m
[32m    159[39m [38;5;250m[39m[33;03m"""Ensures y_true, y_pred, and sample_weight correspond to same regression task.[39;00m
[32m    160[39m 
[32m    161[39m [33;03mExtends `_check_reg_targets` by automatically selecting a suitable floating-point[39;00m
[32m   (...)[39m[32m    204[39m [33;03m    correct keyword.[39;00m
[32m    205[39m [33;03m"""[39;00m
[32m    206[39m dtype_name = _find_matching_floating_dtype(y_true, y_pred, sample_weight, xp=xp)
[32m--> [39m[32m208[39m y_type, y_true, y_pred, sample_weight, multioutput = [30;43m_check_reg_targets[39;49m[30;43m([39;49m
[32m    209[39m [30;43m    [39;49m[30;43my_true[39;49m[30;43m,[39;49m[30;43m [39;49m[30;43my_pred[39;49m[30;43m,[39;49m[30;43m [39;49m[30;43msample_weight[39;49m[30;43m,[39;49m[30;43m [39;49m[30;43mmultioutput[39;49m[30;43m,[39;49m[30;43m [39;49m[30;43mdtype[39;49m[30;43m=[39;49m[30;43mdtype_name[39;49m[30;43m,[39;49m[30;43m [39;49m[30;43mxp[39;49m[30;43m=[39;49m[30;43mxp[39;49m
[32m    210[39m [30;43m[39;49m[30;43m)[39;49m
[32m    212[39m [38;5;28;01mreturn[39;00m y_type, y_true, y_pred, sample_weight, multioutput

[36mFile [39m[32mF:\Anaconda\envs\ch_sws_prediction\Lib\site-packages\sklearn\metrics\_regression.py:114[39m, in [36m_check_reg_targets[39m[34m(y_true, y_pred, sample_weight, multioutput, dtype, xp)[39m
[32m    111[39m xp, _ = get_namespace(y_true, y_pred, multioutput, xp=xp)
[32m    113[39m check_consistent_length(y_true, y_pred, sample_weight)
[32m--> [39m[32m114[39m y_true = [30;43mcheck_array[39;49m[30;43m([39;49m[30;43my_true[39;49m[30;43m,[39;49m[30;43m [39;49m[30;43mensure_2d[39;49m[30;43m=[39;49m[30;43;01mFalse[39;49;00m[30;43m,[39;49m[30;43m [39;49m[30;43mdtype[39;49m[30;43m=[39;49m[30;43mdtype[39;49m[30;43m)[39;49m
[32m    115[39m y_pred = check_array(y_pred, ensure_2d=[38;5;28;01mFalse[39;00m, dtype=dtype)
[32m    116[39m [38;5;28;01mif[39;00m sample_weight [38;5;129;01mis[39;00m [38;5;129;01mnot[39;00m [38;5;28;01mNone[39;00m:

[36mFile [39m[32mF:\Anaconda\envs\ch_sws_prediction\Lib\site-packages\sklearn\utils\validation.py:1097[39m, in [36mcheck_array[39m[34m(array, accept_sparse, accept_large_sparse, dtype, order, copy, force_writeable, ensure_all_finite, ensure_non_negative, ensure_2d, allow_nd, ensure_min_samples, ensure_min_features, estimator, input_name)[39m
[32m   1095[39m     n_samples = _num_samples(array)
[32m   1096[39m     [38;5;28;01mif[39;00m n_samples < ensure_min_samples:
[32m-> [39m[32m1097[39m         [38;5;28;01mraise[39;00m [38;5;167;01mValueError[39;00m(
[32m   1098[39m             [33m"[39m[33mFound array with [39m[38;5;132;01m%d[39;00m[33m sample(s) (shape=[39m[38;5;132;01m%s[39;00m[33m) while a[39m[33m"[39m
[32m   1099[39m             [33m"[39m[33m minimum of [39m[38;5;132;01m%d[39;00m[33m is required[39m[38;5;132;01m%s[39;00m[33m.[39m[33m"[39m
[32m   1100[39m             % (n_samples, array.shape, ensure_min_samples, context)
[32m   1101[39m         )
[32m   1103[39m [38;5;28;01mif[39;00m ensure_min_features > [32m0[39m [38;5;129;01mand[39;00m array.ndim == [32m2[39m:
[32m   1104[39m     n_features = array.shape[[32m1[39m]

[31mValueError[39m: Found array with 0 sample(s) (shape=(0,)) while a minimum of 1 is required.

